// Vitest Snapshot v1, https://vitest.dev/guide/snapshot.html

exports[`SideBar 组件测试 > content 1`] = `null`;
