// Vitest Snapshot v1, https://vitest.dev/guide/snapshot.html

exports[`ssr snapshot test > ssr test src/grid/_example/badge.tsx 1`] = `"<div class="t-grid"><div class="t-grid-item" style="flex-basis:25%;flex-direction:column;padding-left:0;padding-right:0;align-items:center;justify-content:center;text-align:center"><div class="t-badge"><div class="t-badge__inner t-badge--dot t-badge--has-children t-badge--medium"></div><img class="img-4 img-vertical" src="https://tdesign.gtimg.com/mobile/%E5%9B%BE%E7%89%87.png"/></div><div class="t-grid-item__text" style="padding-left:0"><div class="t-grid-item__title" style="padding-top:8px;margin-bottom:4px"><div class="text-4">标题文字</div></div><div class="t-grid-item__description"></div></div></div><div class="t-grid-item" style="flex-basis:25%;flex-direction:column;padding-left:0;padding-right:0;align-items:center;justify-content:center;text-align:center"><div class="t-badge"><div class="t-badge__inner t-badge--circle t-badge--has-children t-badge--medium">8</div><img class="img-4 img-vertical" src="https://tdesign.gtimg.com/mobile/%E5%9B%BE%E7%89%87.png"/></div><div class="t-grid-item__text" style="padding-left:0"><div class="t-grid-item__title" style="padding-top:8px;margin-bottom:4px"><div class="text-4">标题文字</div></div><div class="t-grid-item__description"></div></div></div><div class="t-grid-item" style="flex-basis:25%;flex-direction:column;padding-left:0;padding-right:0;align-items:center;justify-content:center;text-align:center"><div class="t-badge"><div class="t-badge__inner t-badge--circle t-badge--has-children t-badge--medium">new</div><img class="img-4 img-vertical" src="https://tdesign.gtimg.com/mobile/%E5%9B%BE%E7%89%87.png"/></div><div class="t-grid-item__text" style="padding-left:0"><div class="t-grid-item__title" style="padding-top:8px;margin-bottom:4px"><div class="text-4">标题文字</div></div><div class="t-grid-item__description"></div></div></div><div class="t-grid-item" style="flex-basis:25%;flex-direction:column;padding-left:0;padding-right:0;align-items:center;justify-content:center;text-align:center"><div class="t-badge"><div class="t-badge__inner t-badge--circle t-badge--has-children t-badge--medium">···</div><img class="img-4 img-vertical" src="https://tdesign.gtimg.com/mobile/%E5%9B%BE%E7%89%87.png"/></div><div class="t-grid-item__text" style="padding-left:0"><div class="t-grid-item__title" style="padding-top:8px;margin-bottom:4px"><div class="text-4">标题文字</div></div><div class="t-grid-item__description"></div></div></div></div>"`;
